
R version 3.0.3 (2014-03-06) -- "Warm Puppy"
Copyright (C) 2014 The R Foundation for Statistical Computing
Platform: x86_64-pc-linux-gnu (64-bit)

R is free software and comes with ABSOLUTELY NO WARRANTY.
You are welcome to redistribute it under certain conditions.
Type 'license()' or 'licence()' for distribution details.

  Natural language support but running in an English locale

R is a collaborative project with many contributors.
Type 'contributors()' for more information and
'citation()' on how to cite R or R packages in publications.

Type 'demo()' for some demos, 'help()' for on-line help, or
'help.start()' for an HTML browser interface to help.
Type 'q()' to quit R.

> ##################
> library(ChemmineR)
> ##################
> files<-list.files(pattern=".pdf.sdf", recursive=F)
> 
> outnames<-gsub("_pdf.sdf", "_clean.sdf", files)
> 
> LoadCleanSpit<-function(a){
+ ############################
+ sdfset<-read.SDFset(files[a])
+ #
+ valid <- validSDF(sdfset)
+ sdfset <- sdfset[valid]
+ #
+ apset<-sdf2ap(sdfset)
+ sdfset<-sdfset[!sapply(as(apset, "list"), length)==1]
+ #
+ #
+ 
+ #
+ cid(sdfset)<-sdfid(sdfset)
+ #
+ write.SDF(sdfset, file=outnames[a], sig=T, cid=T)
+ ############################
+ }
> a<-1:length(files)
> lapply(a, LoadCleanSpit)
Warning messages:
1: In read.SDFset(files[a]) :
  26 invalid SDFs detected. To fix, run: valid <- validSDF(sdfset); sdfset <- sdfset[valid]
2: In `cid<-`(`*tmp*`, value = c("Electrum", "trichlorophenyl ethanol",  :
  The values in the CMP ID slot are not unique anymore. To fix this, run: cid(sdfset) <- makeUnique(cid(sdfset))
Error in sdf2str(sdf = sdf[[x]], cid = x, ...) : 
  error in evaluating the argument 'sdf' in selecting a method for function 'sdf2str': Error in x@SDF[[i]] : subscript out of bounds
Calls: [[ -> [[ -> .local
Calls: lapply -> FUN -> write.SDF -> lapply -> FUN -> sdf2str
Execution halted
