
R version 3.0.2 (2013-09-25) -- "Frisbee Sailing"
Copyright (C) 2013 The R Foundation for Statistical Computing
Platform: x86_64-pc-linux-gnu (64-bit)

R is free software and comes with ABSOLUTELY NO WARRANTY.
You are welcome to redistribute it under certain conditions.
Type 'license()' or 'licence()' for distribution details.

  Natural language support but running in an English locale

R is a collaborative project with many contributors.
Type 'contributors()' for more information and
'citation()' on how to cite R or R packages in publications.

Type 'demo()' for some demos, 'help()' for on-line help, or
'help.start()' for an HTML browser interface to help.
Type 'q()' to quit R.

[Previously saved workspace restored]

> ############
> library(rgl)
> library(ChemmineR)
> #############
> files<-list.files(pattern="_coord.rda", recursive=F)
> #############
> rgl4Me<-function(t){
+ #############
+ load(files[t])
+ #############
+ rgl.open(); offset <- 50; par3d(windowRect=c(offset, offset, 640+offset,
+ 640+offset))
+ #############
+ rm(offset); rgl.clear(); rgl.viewpoint(theta=45, phi=30, fov=60, zoom=1)
+ #############
+ colorZ<-as.vector(coord[,4])
+ #############
+ spheres3d(coord[,1], coord[,2], coord[,3], radius=0.005, color=coord[,4], alpha=1, shininess=20); aspect3d(1, 1, 1)
+ ############
+ axes3d(col="black"); title3d("", "", "", "", "", col="black"); bg3d("white")
+ ############
+ ############
+ pngName<-paste(files[t],"rglSpacesWColorZ", sep="")
+ ############
+ rgl.snapshot(pngName)
+ ############
+ writeWebGL(dir=file.path(getwd(), t), width=2800)
+ ############
+ rgl.close()
+ ############
+ }
> ###################
> t<-1:length(files) 
> lapply(t, rgl4Me)
Error: bad restore file magic number (file may be corrupted) -- no data loaded
In addition: Warning messages:
1: In mouseHandlers() :
  Mouse mode(s) 'polar' not supported.  'trackball' used.
2: In grepl("RD[AX]2\n", magic) : input string 1 is invalid in this locale
3: In grepl("RD[ABX][12]\r", magic) :
  input string 1 is invalid in this locale
4: file ‘all_drugbank_w_pestglos_coord.rdarglSpacesWColorZ’ has magic number 'PNG'
  Use of save versions prior to 2 is deprecated 
Execution halted
